// Jest Snapshot v1, https://goo.gl/fbAQLP

exports[`renders the app without crashing and matches snapshot 1`] = `
Object {
  "asFragment": [Function],
  "baseElement": <body>
    <div>
      <div
        class="sc-pFZIQ jgyxMO"
      >
        <input
          autocomplete="off"
          class="sc-jrAGrp bAGLIR"
          placeholder="Search for users"
          type="text"
          value=""
        />
        <button
          class="sc-kEjbxe gscWDP"
          type="button"
        >
          Search
        </button>
      </div>
      <div
        class="sc-iqHYGH IbLJK"
      >
        <h3
          class="sc-bdfBwQ fVVSDW"
        >
          Use the search input to look for a user.
        </h3>
      </div>
    </div>
  </body>,
  "container": <div>
    <div
      class="sc-pFZIQ jgyxMO"
    >
      <input
        autocomplete="off"
        class="sc-jrAGrp bAGLIR"
        placeholder="Search for users"
        type="text"
        value=""
      />
      <button
        class="sc-kEjbxe gscWDP"
        type="button"
      >
        Search
      </button>
    </div>
    <div
      class="sc-iqHYGH IbLJK"
    >
      <h3
        class="sc-bdfBwQ fVVSDW"
      >
        Use the search input to look for a user.
      </h3>
    </div>
  </div>,
  "debug": [Function],
  "findAllByAltText": [Function],
  "findAllByDisplayValue": [Function],
  "findAllByLabelText": [Function],
  "findAllByPlaceholderText": [Function],
  "findAllByRole": [Function],
  "findAllByTestId": [Function],
  "findAllByText": [Function],
  "findAllByTitle": [Function],
  "findByAltText": [Function],
  "findByDisplayValue": [Function],
  "findByLabelText": [Function],
  "findByPlaceholderText": [Function],
  "findByRole": [Function],
  "findByTestId": [Function],
  "findByText": [Function],
  "findByTitle": [Function],
  "getAllByAltText": [Function],
  "getAllByDisplayValue": [Function],
  "getAllByLabelText": [Function],
  "getAllByPlaceholderText": [Function],
  "getAllByRole": [Function],
  "getAllByTestId": [Function],
  "getAllByText": [Function],
  "getAllByTitle": [Function],
  "getByAltText": [Function],
  "getByDisplayValue": [Function],
  "getByLabelText": [Function],
  "getByPlaceholderText": [Function],
  "getByRole": [Function],
  "getByTestId": [Function],
  "getByText": [Function],
  "getByTitle": [Function],
  "queryAllByAltText": [Function],
  "queryAllByDisplayValue": [Function],
  "queryAllByLabelText": [Function],
  "queryAllByPlaceholderText": [Function],
  "queryAllByRole": [Function],
  "queryAllByTestId": [Function],
  "queryAllByText": [Function],
  "queryAllByTitle": [Function],
  "queryByAltText": [Function],
  "queryByDisplayValue": [Function],
  "queryByLabelText": [Function],
  "queryByPlaceholderText": [Function],
  "queryByRole": [Function],
  "queryByTestId": [Function],
  "queryByText": [Function],
  "queryByTitle": [Function],
  "rerender": [Function],
  "unmount": [Function],
}
`;
